---
source: hid-bpf-uclogic-test/src/lib.rs
expression: format_reports(& run_reports(& reports))
---
E: 000000.000000 12 f0 00 00 00 00 01 00 00 00 00 00 00
E: 000000.000000 12 f0 00 00 00 00 ff 00 00 00 00 00 00
E: 000000.000000 12 f0 00 00 00 00 00 01 00 00 00 00 00
E: 000000.000000 12 f0 00 00 00 00 00 ff 00 00 00 00 00
