---
source: hid-bpf-uclogic-test/src/lib.rs
expression: run_reports(&reports)
---
[
    Report([08, 80, a0, 05, 00, 08, 0a, 00, 00, 00, 00, 00]),
    Report([08, 00, a0, 05, 00, 08, 0a, 00, 00, 00, 00, 00]),
    Report([08, 80, e9, c9, 00, 04, 86, 00, 00, 00, 00, 00]),
    Report([08, 00, e9, c9, 00, 04, 86, 00, 00, 00, 00, 00]),
]
