---
source: hid-bpf-uclogic-test/src/lib.rs
expression: run_reports(&reports)
---
[
    Report([03, 00, 00, 00, 01, 00, 00, 00, 00, 00, 00, 00]),
    Report([03, 00, 00, 00, 00, 00, 00, 00, 00, 00, 00, 00]),
    Report([03, 00, 00, 00, 00, 10, 00, 00, 00, 00, 00, 00]),
    Report([03, 00, 00, 00, 00, 00, 00, 00, 00, 00, 00, 00]),
]
